### sfn
──────────────────────────────────── lease handoff bench: sfn x 2 on handoff-agent ─────────────────────────────────────
  sfn run 1: started bench-sfn-20260920-143457-0
    vm microvm-cab7eb99-e323-3868-abc3-141dfa1d33e6 RUNNING at +12.3s
    lease accepted at +2.2s, done after 12.662s of work (+15.0s)
    orchestrator SUCCEEDED at +15.7s
  sfn run 2: started bench-sfn-20260920-143457-1
    vm microvm-dd011638-8ffa-3269-8285-a16cd73c9d41 RUNNING at +5.3s
    orchestrator SUCCEEDED at +43.7s
                                   lease handoff, p50 per kind                                    
┏━━━━━━┳━━━━━┳━━━━━━━━━━━━━━━━━┳━━━━━━━┳━━━━━━━━━━━━━━━━━━━━━━┳━━━━━━━━━━━━┳━━━━━━┳━━━━━━━━━━━━━━┓
┃ kind ┃  ok ┃ launch to lease ┃  work ┃ completion to resume ┃ end to end ┃ VM s ┃ cost / lease ┃
┡━━━━━━╇━━━━━╇━━━━━━━━━━━━━━━━━╇━━━━━━━╇━━━━━━━━━━━━━━━━━━━━━━╇━━━━━━━━━━━━╇━━━━━━╇━━━━━━━━━━━━━━┩
│ sfn  │ 2/2 │            1.6s │ 12.7s │                 0.7s │      29.7s │   22 │     $0.00087 │
└──────┴─────┴─────────────────┴───────┴──────────────────────┴────────────┴──────┴──────────────┘
results -> benchmarks/results/handoff-20260920-143457.json (+ .svg)
### durable
────────────────────────────────── lease handoff bench: durable x 2 on handoff-agent ───────────────────────────────────
  durable run 1: started bench-durable-20260920-143603-0
    vm microvm-c9d6afe0-5d0c-3302-a091-8ea4eaf14886 RUNNING at +10.1s
    lease accepted at +4.5s, done after 8.424s of work (+13.0s)
    orchestrator SUCCEEDED at +13.8s
  durable run 2: started bench-durable-20260920-143603-1
    vm microvm-c798c153-01d3-3403-9067-7e754938c3fd RUNNING at +6.3s
    lease accepted at +1.2s, done after 6.877s of work (+8.6s)
    orchestrator SUCCEEDED at +9.4s
                                    lease handoff, p50 per kind                                     
┏━━━━━━━━━┳━━━━━┳━━━━━━━━━━━━━━━━━┳━━━━━━┳━━━━━━━━━━━━━━━━━━━━━━┳━━━━━━━━━━━━┳━━━━━━┳━━━━━━━━━━━━━━┓
┃ kind    ┃  ok ┃ launch to lease ┃ work ┃ completion to resume ┃ end to end ┃ VM s ┃ cost / lease ┃
┡━━━━━━━━━╇━━━━━╇━━━━━━━━━━━━━━━━━╇━━━━━━╇━━━━━━━━━━━━━━━━━━━━━━╇━━━━━━━━━━━━╇━━━━━━╇━━━━━━━━━━━━━━┩
│ durable │ 2/2 │            2.9s │ 7.7s │                 0.8s │      11.6s │    6 │     $0.00022 │
└─────────┴─────┴─────────────────┴──────┴──────────────────────┴────────────┴──────┴──────────────┘
results -> benchmarks/results/handoff-20260920-143603.json (+ .svg)
### sqs
──────────────────────────────────── lease handoff bench: sqs x 2 on handoff-agent ─────────────────────────────────────
  sqs run 1: started bench-sqs-20260920-143635-0
    vm microvm-0731c32e-8c18-3e0d-b1c7-7a364ad69718 RUNNING at +5.7s
    orchestrator SUCCEEDED at +8.5s
  sqs run 2: started bench-sqs-20260920-143635-1
    vm microvm-3b7bf19e-9468-3724-9662-8b1b6e2faac2 RUNNING at +7.2s
    lease accepted at +1.6s, done after 7.804s of work (+9.5s)
    orchestrator SUCCEEDED at +9.7s
                                   lease handoff, p50 per kind                                   
┏━━━━━━┳━━━━━┳━━━━━━━━━━━━━━━━━┳━━━━━━┳━━━━━━━━━━━━━━━━━━━━━━┳━━━━━━━━━━━━┳━━━━━━┳━━━━━━━━━━━━━━┓
┃ kind ┃  ok ┃ launch to lease ┃ work ┃ completion to resume ┃ end to end ┃ VM s ┃ cost / lease ┃
┡━━━━━━╇━━━━━╇━━━━━━━━━━━━━━━━━╇━━━━━━╇━━━━━━━━━━━━━━━━━━━━━━╇━━━━━━━━━━━━╇━━━━━━╇━━━━━━━━━━━━━━┩
│ sqs  │ 2/2 │            1.2s │ 7.8s │                 0.2s │       9.1s │    5 │     $0.00018 │
└──────┴─────┴─────────────────┴──────┴──────────────────────┴────────────┴──────┴──────────────┘
results -> benchmarks/results/handoff-20260920-143635.json (+ .svg)
### eventbridge
──────────────────────────────── lease handoff bench: eventbridge x 2 on handoff-agent ─────────────────────────────────
  eventbridge run 1: started bench-eventbridge-20260920-143702-0
    vm microvm-62b46d8a-38f0-3034-a04f-8a8ce192ddc9 RUNNING at +5.5s
    lease accepted at +0.7s, done after 6.151s of work (+7.8s)
    orchestrator SUCCEEDED at +8.0s
  eventbridge run 2: started bench-eventbridge-20260920-143702-1
    vm microvm-368c74f8-4087-36ed-a204-5be60095cec1 RUNNING at +5.5s
    lease accepted at +1.1s, done after 6.496s of work (+7.9s)
    orchestrator SUCCEEDED at +8.1s
                                      lease handoff, p50 per kind                                       
┏━━━━━━━━━━━━━┳━━━━━┳━━━━━━━━━━━━━━━━━┳━━━━━━┳━━━━━━━━━━━━━━━━━━━━━━┳━━━━━━━━━━━━┳━━━━━━┳━━━━━━━━━━━━━━┓
┃ kind        ┃  ok ┃ launch to lease ┃ work ┃ completion to resume ┃ end to end ┃ VM s ┃ cost / lease ┃
┡━━━━━━━━━━━━━╇━━━━━╇━━━━━━━━━━━━━━━━━╇━━━━━━╇━━━━━━━━━━━━━━━━━━━━━━╇━━━━━━━━━━━━╇━━━━━━╇━━━━━━━━━━━━━━┩
│ eventbridge │ 2/2 │            0.9s │ 6.3s │                 0.2s │       8.1s │    5 │     $0.00017 │
└─────────────┴─────┴─────────────────┴──────┴──────────────────────┴────────────┴──────┴──────────────┘
results -> benchmarks/results/handoff-20260920-143702.json (+ .svg)
### http
──────────────────────────────────── lease handoff bench: http x 2 on handoff-agent ────────────────────────────────────
  http run 1: started bench-http-20260920-143727-0
    vm microvm-96283371-eebb-3fb6-b813-49f369aa84a6 RUNNING at +2.3s
    lease accepted at +0.6s, done after 3.255s of work (+4.9s)
    orchestrator SUCCEEDED at +6.6s
  http run 2: started bench-http-20260920-143727-1
    vm microvm-71e05c1c-e921-33c4-843e-64ed392ff4ab RUNNING at +2.0s
    orchestrator SUCCEEDED at +5.2s
                                   lease handoff, p50 per kind                                   
┏━━━━━━┳━━━━━┳━━━━━━━━━━━━━━━━━┳━━━━━━┳━━━━━━━━━━━━━━━━━━━━━━┳━━━━━━━━━━━━┳━━━━━━┳━━━━━━━━━━━━━━┓
┃ kind ┃  ok ┃ launch to lease ┃ work ┃ completion to resume ┃ end to end ┃ VM s ┃ cost / lease ┃
┡━━━━━━╇━━━━━╇━━━━━━━━━━━━━━━━━╇━━━━━━╇━━━━━━━━━━━━━━━━━━━━━━╇━━━━━━━━━━━━╇━━━━━━╇━━━━━━━━━━━━━━┩
│ http │ 2/2 │            0.9s │ 3.3s │                 1.7s │       5.9s │    6 │     $0.00022 │
└──────┴─────┴─────────────────┴──────┴──────────────────────┴────────────┴──────┴──────────────┘
results -> benchmarks/results/handoff-20260920-143727.json (+ .svg)
### fanout sfn
────────────────────────── lease handoff bench: fan-outs [4, 8] (sfn) on handoff-agent-small ───────────────────────────
  sfn fan-out of 4 on handoff-agent-small: started bench-sfn-map4-20260920-143748
    all 4 RUNNING at +10.3s
    orchestrator SUCCEEDED at +48.6s, 0/4 shards reported done
  sfn fan-out of 8 on handoff-agent-small: started bench-sfn-map8-20260920-143748
    all 8 RUNNING at +8.7s
    first shard done at +8.7s
    orchestrator SUCCEEDED at +43.6s, 1/8 shards reported done
                                             fan-out, p50 per kind and size                                             
┏━━━━━━┳━━━━━━━━┳━━━━━┳━━━━━━━━━━━━━┳━━━━━━━━━━━━━━━━━━┳━━━━━━━━━━━━━━━━━━━━┳━━━━━━━━━━━━┳━━━━━━━━━━━━┳━━━━━━━━━━━━━━━━┓
┃ kind ┃ shards ┃  ok ┃ all running ┃ first shard done ┃ slowest shard done ┃ end to end ┃ VM s total ┃ cost / fan-out ┃
┡━━━━━━╇━━━━━━━━╇━━━━━╇━━━━━━━━━━━━━╇━━━━━━━━━━━━━━━━━━╇━━━━━━━━━━━━━━━━━━━━╇━━━━━━━━━━━━╇━━━━━━━━━━━━╇━━━━━━━━━━━━━━━━┩
│ sfn  │      4 │ 0/1 │       10.3s │                - │                  - │      48.6s │        154 │       $0.00175 │
│ sfn  │      8 │ 0/1 │        8.7s │             8.7s │               8.7s │      43.6s │        296 │       $0.00339 │
└──────┴────────┴─────┴─────────────┴──────────────────┴────────────────────┴────────────┴────────────┴────────────────┘
results -> benchmarks/results/handoff-20260920-143748.json (+ .svg)
### fanout durable
──────────────────────── lease handoff bench: fan-outs [4, 8] (durable) on handoff-agent-small ─────────────────────────
  durable fan-out of 4 on handoff-agent-small: started bench-durable-map4-20260920-143922
    orchestrator SUCCEEDED at +43.9s, 0/4 shards reported done
  durable fan-out of 8 on handoff-agent-small: started bench-durable-map8-20260920-143922
    first shard done at +10.1s
    all 8 RUNNING at +14.9s
    orchestrator SUCCEEDED at +51.8s, 4/8 shards reported done
                                             fan-out, p50 per kind and size                                             
┏━━━━━━━━━┳━━━━━━━━┳━━━━━┳━━━━━━━━━━━━━┳━━━━━━━━━━━━━━━━━━┳━━━━━━━━━━━━━━━━━┳━━━━━━━━━━━━┳━━━━━━━━━━━━┳━━━━━━━━━━━━━━━━┓
┃         ┃        ┃     ┃             ┃                  ┃   slowest shard ┃            ┃            ┃                ┃
┃ kind    ┃ shards ┃  ok ┃ all running ┃ first shard done ┃            done ┃ end to end ┃ VM s total ┃ cost / fan-out ┃
┡━━━━━━━━━╇━━━━━━━━╇━━━━━╇━━━━━━━━━━━━━╇━━━━━━━━━━━━━━━━━━╇━━━━━━━━━━━━━━━━━╇━━━━━━━━━━━━╇━━━━━━━━━━━━╇━━━━━━━━━━━━━━━━┩
│ durable │      4 │ 0/1 │           - │                - │               - │      43.9s │         38 │       $0.00043 │
│ durable │      8 │ 0/1 │       14.9s │            10.1s │           16.7s │      51.8s │        177 │       $0.00175 │
└─────────┴────────┴─────┴─────────────┴──────────────────┴─────────────────┴────────────┴────────────┴────────────────┘
results -> benchmarks/results/handoff-20260920-143922.json (+ .svg)
### in-vm parallel + refusal
────────────────────────────────── lease handoff bench: in-VM parallel; refusal drill ──────────────────────────────────
  in-VM sequential: microvm-27cdcdab-4620-37af-aebf-6b11355556c7 with 4 x `sleep 3`
    RUNNING at +2.2s
    done: elapsed 12.458s on the VM, steps summed 12.1s
  in-VM parallel: microvm-aa03e25e-b6c4-38e9-9d09-c01ba4fa9a3b with 4 x `sleep 3`
    RUNNING at +2.2s
    done: elapsed 3.598s on the VM, steps summed 12.306s
  refusal drill
  plan: 40 shards on 2 GB: 4 at a time (memory quota 8 GB / 2 GB baseline), 10 waves, all running in ~72 s, worst case 
40800 VM-s = $1.43
  refused by lease_many: 40 leases exceed the concurrency limit 4; launch in waves (RunMicrovm calls 0, new VMs 0)
                 in-VM parallel: four `sleep 3` steps on one 2 GB VM                  
┏━━━━━━━━━━━━┳━━━━━┳━━━━━━━━━━━━━━━━━━━┳━━━━━━━━━━━━┳━━━━━━━━━━━━━━┳━━━━━━┳━━━━━━━━━━┓
┃ mode       ┃  ok ┃ launch to running ┃ VM elapsed ┃ steps summed ┃ VM s ┃     cost ┃
┡━━━━━━━━━━━━╇━━━━━╇━━━━━━━━━━━━━━━━━━━╇━━━━━━━━━━━━╇━━━━━━━━━━━━━━╇━━━━━━╇━━━━━━━━━━┩
│ sequential │ 1/1 │              2.2s │      12.5s │        12.1s │   14 │ $0.00049 │
│ parallel   │ 1/1 │              2.2s │       3.6s │        12.3s │    5 │ $0.00019 │
└────────────┴─────┴───────────────────┴────────────┴──────────────┴──────┴──────────┘
                            refusal drill: plan 40 x 2 GB, launch refused before RunMicrovm                             
┏━━━━━━━━┳━━━━━━━━━━┳━━━━━━━┳━━━━━━━━━━━━┳━━━━━━━━━━━━━━━━━━━━━━━━━━━━━━━━━━━━━━━━━━┳━━━━━━━━━━━━━━━━━━┳━━━━━━━━━┳━━━━━┓
┃ shards ┃ baseline ┃ quota ┃ refused by ┃ sentence                                 ┃ RunMicrovm calls ┃ new VMs ┃  ok ┃
┡━━━━━━━━╇━━━━━━━━━━╇━━━━━━━╇━━━━━━━━━━━━╇━━━━━━━━━━━━━━━━━━━━━━━━━━━━━━━━━━━━━━━━━━╇━━━━━━━━━━━━━━━━━━╇━━━━━━━━━╇━━━━━┩
│     40 │ 2048 MiB │  8 GB │ lease_many │ 40 leases exceed the concurrency limit   │                0 │       0 │ yes │
│        │          │       │            │ 4; launch in waves                       │                  │         │     │
└────────┴──────────┴───────┴────────────┴──────────────────────────────────────────┴──────────────────┴─────────┴─────┘
results -> benchmarks/results/handoff-20260920-144101.json (+ .svg)
BENCHDONE
